--------- beginning of system
07-22 16:29:23.390  2174  2174 I SystemServiceManager: Starting phase 520
07-22 16:29:23.390  2174  2174 I SystemServerTiming: OnBootPhase_520
07-22 16:29:23.390  2174  2174 I SystemServerTiming: OnBootPhase_520_com.android.server.security.FileIntegrityService
07-22 16:29:23.390  2174  2174 D SystemServerTiming: OnBootPhase_520_com.android.server.security.FileIntegrityService took to complete: 0ms
07-22 16:29:23.390  2174  2174 I SystemServerTiming: OnBootPhase_520_com.android.server.pm.Installer
07-22 16:29:23.391  2174  2174 D SystemServerTiming: OnBootPhase_520_com.android.server.pm.Installer took to complete: 0ms
07-22 16:29:23.392  2174  2174 I SystemServerTiming: OnBootPhase_520_com.android.server.os.DeviceIdentifiersPolicyService
07-22 16:29:23.392  2174  2174 D SystemServerTiming: OnBootPhase_520_com.android.server.os.DeviceIdentifiersPolicyService took to complete: 0ms
07-22 16:29:23.394  2174  2174 I SystemServerTiming: OnBootPhase_520_com.android.server.uri.UriGrantsManagerService$Lifecycle
07-22 16:29:23.394  2174  2174 D SystemServerTiming: OnBootPhase_520_com.android.server.uri.UriGrantsManagerService$Lifecycle took to complete: 0ms
07-22 16:29:23.394  2174  2174 I SystemServerTiming: OnBootPhase_520_com.android.server.powerstats.PowerStatsService
07-22 16:29:23.394  2174  2174 D SystemServerTiming: OnBootPhase_520_com.android.server.powerstats.PowerStatsService took to complete: 0ms
07-22 16:29:23.394  2174  2174 I SystemServerTiming: OnBootPhase_520_com.android.server.wm.ActivityTaskManagerService$Lifecycle
07-22 16:29:23.395  2174  2174 D SystemServerTiming: OnBootPhase_520_com.android.server.wm.ActivityTaskManagerService$Lifecycle took to complete: 0ms
07-22 16:29:23.395  2174  2174 I SystemServerTiming: OnBootPhase_520_com.android.server.am.ActivityManagerService$Lifecycle
07-22 16:29:23.395  2174  2174 D SystemServerTiming: OnBootPhase_520_com.android.server.am.ActivityManagerService$Lifecycle took to complete: 0ms
07-22 16:29:23.395  2174  2174 I SystemServerTiming: OnBootPhase_520_com.android.server.pm.DataLoaderManagerService
07-22 16:29:23.397  2174  2174 D SystemServerTiming: OnBootPhase_520_com.android.server.pm.DataLoaderManagerService took to complete: 0ms
07-22 16:29:23.397  2174  2174 I SystemServerTiming: OnBootPhase_520_com.android.server.power.PowerManagerService
07-22 16:29:23.398  2174  2174 D SystemServerTiming: OnBootPhase_520_com.android.server.power.PowerManagerService took to complete: 0ms
07-22 16:29:23.398  2174  2174 I SystemServerTiming: OnBootPhase_520_com.android.server.power.ThermalManagerService
07-22 16:29:23.398  2174  2174 D SystemServerTiming: OnBootPhase_520_com.android.server.power.ThermalManagerService took to complete: 0ms
07-22 16:29:23.398  2174  2174 I SystemServerTiming: OnBootPhase_520_com.android.server.power.hint.HintManagerService
07-22 16:29:23.398  2174  2174 D SystemServerTiming: OnBootPhase_520_com.android.server.power.hint.HintManagerService took to complete: 0ms
07-22 16:29:23.401  2174  2174 I SystemServerTiming: OnBootPhase_520_com.android.server.recoverysystem.RecoverySystemService$Lifecycle
07-22 16:29:23.401  2174  2174 D SystemServerTiming: OnBootPhase_520_com.android.server.recoverysystem.RecoverySystemService$Lifecycle took to complete: 0ms
07-22 16:29:23.402  2174  2174 I SystemServerTiming: OnBootPhase_520_com.android.server.lights.LightsService
07-22 16:29:23.402  2174  2174 D SystemServerTiming: OnBootPhase_520_com.android.server.lights.LightsService took to complete: 0ms
07-22 16:29:23.402  2174  2174 I SystemServerTiming: OnBootPhase_520_com.android.server.display.DisplayManagerService
07-22 16:29:23.403  2174  2174 D SystemServerTiming: OnBootPhase_520_com.android.server.display.DisplayManagerService took to complete: 0ms
07-22 16:29:23.403  2174  2174 I SystemServerTiming: OnBootPhase_520_com.android.server.pm.verify.domain.DomainVerificationService
07-22 16:29:23.403  2174  2174 D SystemServerTiming: OnBootPhase_520_com.android.server.pm.verify.domain.DomainVerificationService took to complete: 0ms
07-22 16:29:23.403  2174  2174 I SystemServerTiming: OnBootPhase_520_com.android.server.pm.PackageInstallerService$Lifecycle
07-22 16:29:23.403  2174  2174 D SystemServerTiming: OnBootPhase_520_com.android.server.pm.PackageInstallerService$Lifecycle took to complete: 0ms
07-22 16:29:23.404  2174  2174 I SystemServerTiming: OnBootPhase_520_com.android.server.pm.UserManagerService$LifeCycle
07-22 16:29:23.404  2174  2174 D SystemServerTiming: OnBootPhase_520_com.android.server.pm.UserManagerService$LifeCycle took to complete: 0ms
07-22 16:29:23.404  2174  2174 I SystemServerTiming: OnBootPhase_520_com.android.server.om.OverlayManagerService
07-22 16:29:23.404  2174  2174 D SystemServerTiming: OnBootPhase_520_com.android.server.om.OverlayManagerService took to complete: 0ms
07-22 16:29:23.404  2174  2174 I SystemServerTiming: OnBootPhase_520_com.android.server.SensorPrivacyService
07-22 16:29:23.404  2174  2174 D SystemServerTiming: OnBootPhase_520_com.android.server.SensorPrivacyService took to complete: 0ms
07-22 16:29:23.405  2174  2174 I SystemServerTiming: OnBootPhase_520_com.android.server.sensors.SensorService
07-22 16:29:23.406  2174  2174 D SystemServerTiming: OnBootPhase_520_com.android.server.sensors.SensorService took to complete: 2ms
07-22 16:29:23.406  2174  2174 I SystemServerTiming: OnBootPhase_520_com.android.server.SystemConfigService
07-22 16:29:23.407  2174  2174 D SystemServerTiming: OnBootPhase_520_com.android.server.SystemConfigService took to complete: 0ms
07-22 16:29:23.407  2174  2174 I SystemServerTiming: OnBootPhase_520_com.android.server.BatteryService
07-22 16:29:23.407  2174  2174 D SystemServerTiming: OnBootPhase_520_com.android.server.BatteryService took to complete: 0ms
07-22 16:29:23.407  2174  2174 I SystemServerTiming: OnBootPhase_520_com.android.server.usage.UsageStatsService
07-22 16:29:23.407  2174  2174 D SystemServerTiming: OnBootPhase_520_com.android.server.usage.UsageStatsService took to complete: 0ms
07-22 16:29:23.413  2174  2174 I SystemServerTiming: OnBootPhase_520_com.android.server.webkit.WebViewUpdateService
07-22 16:29:23.413  2174  2174 D SystemServerTiming: OnBootPhase_520_com.android.server.webkit.WebViewUpdateService took to complete: 0ms
07-22 16:29:23.413  2174  2174 I SystemServerTiming: OnBootPhase_520_com.android.server.CachedDeviceStateService
07-22 16:29:23.413  2174  2174 D SystemServerTiming: OnBootPhase_520_com.android.server.CachedDeviceStateService took to complete: 0ms
07-22 16:29:23.414  2174  2174 I SystemServerTiming: OnBootPhase_520_com.android.server.BinderCallsStatsService$LifeCycle
07-22 16:29:23.420  2174  2174 D SystemServerTiming: OnBootPhase_520_com.android.server.BinderCallsStatsService$LifeCycle took to complete: 0ms
07-22 16:29:23.420  2174  2174 I SystemServerTiming: OnBootPhase_520_com.android.server.LooperStatsService$Lifecycle
07-22 16:29:23.420  2174  2174 D SystemServerTiming: OnBootPhase_520_com.android.server.LooperStatsService$Lifecycle took to complete: 0ms
07-22 16:29:23.420  2174  2174 I SystemServerTiming: OnBootPhase_520_com.android.server.rollback.RollbackManagerService
07-22 16:29:23.420  2174  2174 D SystemServerTiming: OnBootPhase_520_com.android.server.rollback.RollbackManagerService took to complete: 0ms
07-22 16:29:23.421  2174  2174 I SystemServerTiming: OnBootPhase_520_com.android.server.os.NativeTombstoneManagerService
07-22 16:29:23.421  2174  2174 D SystemServerTiming: OnBootPhase_520_com.android.server.os.NativeTombstoneManagerService took to complete: 0ms
07-22 16:29:23.421  2174  2174 I SystemServerTiming: OnBootPhase_520_com.android.server.os.BugreportManagerService
07-22 16:29:23.421  2174  2174 D SystemServerTiming: OnBootPhase_520_com.android.server.os.BugreportManagerService took to complete: 0ms
07-22 16:29:23.421  2174  2174 I SystemServerTiming: OnBootPhase_520_com.android.server.gpu.GpuService
07-22 16:29:23.424  2174  2174 D SystemServerTiming: OnBootPhase_520_com.android.server.gpu.GpuService took to complete: 0ms
07-22 16:29:23.426  2174  2174 I SystemServerTiming: OnBootPhase_520_com.android.server.security.KeyChainSystemService
07-22 16:29:23.426  2174  2174 D SystemServerTiming: OnBootPhase_520_com.android.server.security.KeyChainSystemService took to complete: 0ms
07-22 16:29:23.427  2174  2174 I SystemServerTiming: OnBootPhase_520_com.android.server.telecom.TelecomLoaderService
07-22 16:29:23.427  2174  2174 D SystemServerTiming: OnBootPhase_520_com.android.server.telecom.TelecomLoaderService took to complete: 0ms
07-22 16:29:23.428  2174  2174 I SystemServerTiming: OnBootPhase_520_com.android.server.accounts.AccountManagerService$Lifecycle
07-22 16:29:23.428  2174  2174 D SystemServerTiming: OnBootPhase_520_com.android.server.accounts.AccountManagerService$Lifecycle took to complete: 0ms
07-22 16:29:23.428  2174  2174 I SystemServerTiming: OnBootPhase_520_com.android.server.content.ContentService$Lifecycle
07-22 16:29:23.428  2174  2174 D SystemServerTiming: OnBootPhase_520_com.android.server.content.ContentService$Lifecycle took to complete: 0ms
07-22 16:29:23.428  2174  2174 I SystemServerTiming: OnBootPhase_520_com.android.server.DropBoxManagerService
07-22 16:29:23.428  2174  2174 D SystemServerTiming: OnBootPhase_520_com.android.server.DropBoxManagerService took to complete: 0ms
07-22 16:29:23.429  2174  2174 I SystemServerTiming: OnBootPhase_520_com.android.role.RoleService
07-22 16:29:23.429  2174  2174 D SystemServerTiming: OnBootPhase_520_com.android.role.RoleService took to complete: 0ms
07-22 16:29:23.429  2174  2174 I SystemServerTiming: OnBootPhase_520_com.android.server.vibrator.VibratorManagerService$Lifecycle
07-22 16:29:23.431  2174  2174 D SystemServerTiming: OnBootPhase_520_com.android.server.vibrator.VibratorManagerService$Lifecycle took to complete: 2ms
07-22 16:29:23.431  2174  2174 I SystemServerTiming: OnBootPhase_520_com.android.server.alarm.AlarmManagerService
07-22 16:29:23.432  2174  2174 D SystemServerTiming: OnBootPhase_520_com.android.server.alarm.AlarmManagerService took to complete: 0ms
07-22 16:29:23.432  2174  2174 I SystemServerTiming: OnBootPhase_520_com.android.server.devicestate.DeviceStateManagerService
07-22 16:29:23.432  2174  2174 D SystemServerTiming: OnBootPhase_520_com.android.server.devicestate.DeviceStateManagerService took to complete: 0ms
07-22 16:29:23.432  2174  2174 I SystemServerTiming: OnBootPhase_520_com.android.server.camera.CameraServiceProxy
07-22 16:29:23.432  2174  2174 D SystemServerTiming: OnBootPhase_520_com.android.server.camera.CameraServiceProxy took to complete: 0ms
07-22 16:29:23.432  2174  2174 I SystemServerTiming: OnBootPhase_520_com.android.server.BluetoothService
07-22 16:29:23.433  2174  2174 D SystemServerTiming: OnBootPhase_520_com.android.server.BluetoothService took to complete: 0ms
07-22 16:29:23.433  2174  2174 I SystemServerTiming: OnBootPhase_520_com.android.server.connectivity.IpConnectivityMetrics
07-22 16:29:23.433  2174  2174 D SystemServerTiming: OnBootPhase_520_com.android.server.connectivity.IpConnectivityMetrics took to complete: 1ms
07-22 16:29:23.433  2174  2174 I SystemServerTiming: OnBootPhase_520_com.android.server.net.watchlist.NetworkWatchlistService$Lifecycle
07-22 16:29:23.434  2174  2174 D SystemServerTiming: OnBootPhase_520_com.android.server.net.watchlist.NetworkWatchlistService$Lifecycle took to complete: 0ms
07-22 16:29:23.436  2174  2174 I SystemServerTiming: OnBootPhase_520_com.android.server.PinnerService
07-22 16:29:23.438  2174  2174 D SystemServerTiming: OnBootPhase_520_com.android.server.PinnerService took to complete: 2ms
07-22 16:29:23.438  2174  2174 I SystemServerTiming: OnBootPhase_520_com.google.android.startop.iorap.IorapForwardingService
07-22 16:29:23.441  2174  2174 D SystemServerTiming: OnBootPhase_520_com.google.android.startop.iorap.IorapForwardingService took to complete: 3ms
07-22 16:29:23.442  2174  2174 I SystemServerTiming: OnBootPhase_520_com.android.server.integrity.AppIntegrityManagerService
07-22 16:29:23.442  2174  2174 D SystemServerTiming: OnBootPhase_520_com.android.server.integrity.AppIntegrityManagerService took to complete: 0ms
07-22 16:29:23.442  2174  2174 I SystemServerTiming: OnBootPhase_520_com.android.server.inputmethod.InputMethodManagerService$Lifecycle
07-22 16:29:23.444  2174  2174 D SystemServerTiming: OnBootPhase_520_com.android.server.inputmethod.InputMethodManagerService$Lifecycle took to complete: 0ms
07-22 16:29:23.444  2174  2174 I SystemServerTiming: OnBootPhase_520_com.android.server.accessibility.AccessibilityManagerService$Lifecycle
07-22 16:29:23.444  2174  2174 D SystemServerTiming: OnBootPhase_520_com.android.server.accessibility.AccessibilityManagerService$Lifecycle took to complete: 0ms
07-22 16:29:23.444  2174  2174 I SystemServerTiming: OnBootPhase_520_com.android.server.StorageManagerService$Lifecycle
07-22 16:29:23.445  2174  2174 D SystemServerTiming: OnBootPhase_520_com.android.server.StorageManagerService$Lifecycle took to complete: 0ms
07-22 16:29:23.445  2174  2174 I SystemServerTiming: OnBootPhase_520_com.android.server.usage.StorageStatsService$Lifecycle
07-22 16:29:23.445  2174  2174 D SystemServerTiming: OnBootPhase_520_com.android.server.usage.StorageStatsService$Lifecycle took to complete: 0ms
07-22 16:29:23.445  2174  2174 I SystemServerTiming: OnBootPhase_520_com.android.server.UiModeManagerService
07-22 16:29:23.445  2174  2174 D SystemServerTiming: OnBootPhase_520_com.android.server.UiModeManagerService took to complete: 0ms
07-22 16:29:23.447  2174  2174 I SystemServerTiming: OnBootPhase_520_com.android.server.locksettings.LockSettingsService$Lifecycle
07-22 16:29:23.447  2174  2174 D SystemServerTiming: OnBootPhase_520_com.android.server.locksettings.LockSettingsService$Lifecycle took to complete: 0ms
07-22 16:29:23.448  2174  2174 I SystemServerTiming: OnBootPhase_520_com.android.server.testharness.TestHarnessModeService
07-22 16:29:23.448  2174  2174 D SystemServerTiming: OnBootPhase_520_com.android.server.testharness.TestHarnessModeService took to complete: 1ms
07-22 16:29:23.448  2174  2174 I SystemServerTiming: OnBootPhase_520_com.android.server.DeviceIdleController
07-22 16:29:23.448  2174  2174 D SystemServerTiming: OnBootPhase_520_com.android.server.DeviceIdleController took to complete: 0ms
07-22 16:29:23.449  2174  2174 I SystemServerTiming: OnBootPhase_520_com.android.server.devicepolicy.DevicePolicyManagerService$Lifecycle
07-22 16:29:23.450  2174  2174 D SystemServerTiming: OnBootPhase_520_com.android.server.devicepolicy.DevicePolicyManagerService$Lifecycle took to complete: 0ms
07-22 16:29:23.451  2174  2174 I SystemServerTiming: OnBootPhase_520_com.android.server.musicrecognition.MusicRecognitionManagerService
07-22 16:29:23.452  2174  2174 D SystemServerTiming: OnBootPhase_520_com.android.server.musicrecognition.MusicRecognitionManagerService took to complete: 2ms
07-22 16:29:23.452  2174  2174 I SystemServerTiming: OnBootPhase_520_com.android.server.contentcapture.ContentCaptureManagerService
07-22 16:29:23.452  2174  2174 D SystemServerTiming: OnBootPhase_520_com.android.server.contentcapture.ContentCaptureManagerService took to complete: 0ms
07-22 16:29:23.453  2174  2174 I SystemServerTiming: OnBootPhase_520_com.android.server.systemcaptions.SystemCaptionsManagerService
07-22 16:29:23.453  2174  2174 D SystemServerTiming: OnBootPhase_520_com.android.server.systemcaptions.SystemCaptionsManagerService took to complete: 0ms
07-22 16:29:23.453  2174  2174 I SystemServerTiming: OnBootPhase_520_com.android.server.texttospeech.TextToSpeechManagerService
07-22 16:29:23.453  2174  2174 D SystemServerTiming: OnBootPhase_520_com.android.server.texttospeech.TextToSpeechManagerService took to complete: 0ms
07-22 16:29:23.454  2174  2174 I SystemServerTiming: OnBootPhase_520_com.android.server.speech.SpeechRecognitionManagerService
07-22 16:29:23.456  2174  2174 D SystemServerTiming: OnBootPhase_520_com.android.server.speech.SpeechRecognitionManagerService took to complete: 1ms
07-22 16:29:23.456  2174  2174 I SystemServerTiming: OnBootPhase_520_com.android.server.appprediction.AppPredictionManagerService
07-22 16:29:23.456  2174  2174 D SystemServerTiming: OnBootPhase_520_com.android.server.appprediction.AppPredictionManagerService took to complete: 0ms
07-22 16:29:23.456  2174  2174 I SystemServerTiming: OnBootPhase_520_com.android.server.contentsuggestions.ContentSuggestionsManagerService
07-22 16:29:23.458  2174  2174 D SystemServerTiming: OnBootPhase_520_com.android.server.contentsuggestions.ContentSuggestionsManagerService took to complete: 1ms
07-22 16:29:23.458  2174  2174 I SystemServerTiming: OnBootPhase_520_com.android.server.searchui.SearchUiManagerService
07-22 16:29:23.458  2174  2174 D SystemServerTiming: OnBootPhase_520_com.android.server.searchui.SearchUiManagerService took to complete: 0ms
07-22 16:29:23.458  2174  2174 I SystemServerTiming: OnBootPhase_520_com.android.server.smartspace.SmartspaceManagerService
07-22 16:29:23.458  2174  2174 D SystemServerTiming: OnBootPhase_520_com.android.server.smartspace.SmartspaceManagerService took to complete: 0ms
07-22 16:29:23.458  2174  2174 I SystemServerTiming: OnBootPhase_520_com.android.server.graphics.fonts.FontManagerService$Lifecycle
07-22 16:29:23.459  2174  2174 D SystemServerTiming: OnBootPhase_520_com.android.server.graphics.fonts.FontManagerService$Lifecycle took to complete: 0ms
07-22 16:29:23.459  2174  2174 I SystemServerTiming: OnBootPhase_520_com.android.server.textservices.TextServicesManagerService$Lifecycle
07-22 16:29:23.459  2174  2174 D SystemServerTiming: OnBootPhase_520_com.android.server.textservices.TextServicesManagerService$Lifecycle took to complete: 0ms
07-22 16:29:23.459  2174  2174 I SystemServerTiming: OnBootPhase_520_com.android.server.textclassifier.TextClassificationManagerService$Lifecycle
07-22 16:29:23.461  2174  2174 D SystemServerTiming: OnBootPhase_520_com.android.server.textclassifier.TextClassificationManagerService$Lifecycle took to complete: 0ms
07-22 16:29:23.461  2174  2174 I SystemServerTiming: OnBootPhase_520_com.android.server.NetworkScoreService$Lifecycle
07-22 16:29:23.461  2174  2174 D SystemServerTiming: OnBootPhase_520_com.android.server.NetworkScoreService$Lifecycle took to complete: 0ms
07-22 16:29:23.461  2174  2174 I SystemServerTiming: OnBootPhase_520_com.android.server.wifi.WifiService
07-22 16:29:23.462  2174  2174 D SystemServerTiming: OnBootPhase_520_com.android.server.wifi.WifiService took to complete: 0ms
07-22 16:29:23.462  2174  2174 I SystemServerTiming: OnBootPhase_520_com.android.server.wifi.scanner.WifiScanningService
07-22 16:29:23.462  2174  2174 D SystemServerTiming: OnBootPhase_520_com.android.server.wifi.scanner.WifiScanningService took to complete: 0ms
07-22 16:29:23.462  2174  2174 I SystemServerTiming: OnBootPhase_520_com.android.server.wifi.p2p.WifiP2pService
07-22 16:29:23.462  2174  2174 D SystemServerTiming: OnBootPhase_520_com.android.server.wifi.p2p.WifiP2pService took to complete: 0ms
07-22 16:29:23.462  2174  2174 I SystemServerTiming: OnBootPhase_520_com.android.server.ConnectivityServiceInitializer
07-22 16:29:23.463  2174  2174 D SystemServerTiming: OnBootPhase_520_com.android.server.ConnectivityServiceInitializer took to complete: 0ms
07-22 16:29:23.463  2174  2174 I SystemServerTiming: OnBootPhase_520_com.android.server.notification.NotificationManagerService
07-22 16:29:23.463  2174  2174 D SystemServerTiming: OnBootPhase_520_com.android.server.notification.NotificationManagerService took to complete: 0ms
07-22 16:29:23.463  2174  2174 I SystemServerTiming: OnBootPhase_520_com.android.server.storage.DeviceStorageMonitorService
07-22 16:29:23.463  2174  2174 D SystemServerTiming: OnBootPhase_520_com.android.server.storage.DeviceStorageMonitorService took to complete: 0ms
07-22 16:29:23.464  2174  2174 I SystemServerTiming: OnBootPhase_520_com.android.server.location.LocationManagerService$Lifecycle
07-22 16:29:23.465  2174  2174 D SystemServerTiming: OnBootPhase_520_com.android.server.location.LocationManagerService$Lifecycle took to complete: 0ms
07-22 16:29:23.465  2174  2174 I SystemServerTiming: OnBootPhase_520_com.android.server.timedetector.TimeDetectorService$Lifecycle
07-22 16:29:23.467  2174  2174 D SystemServerTiming: OnBootPhase_520_com.android.server.timedetector.TimeDetectorService$Lifecycle took to complete: 0ms
07-22 16:29:23.469  2174  2174 I SystemServerTiming: OnBootPhase_520_com.android.server.timezonedetector.TimeZoneDetectorService$Lifecycle
07-22 16:29:23.474  2174  2174 D SystemServerTiming: OnBootPhase_520_com.android.server.timezonedetector.TimeZoneDetectorService$Lifecycle took to complete: 0ms
07-22 16:29:23.474  2174  2174 I SystemServerTiming: OnBootPhase_520_com.android.server.timezonedetector.location.LocationTimeZoneManagerService$Lifecycle
07-22 16:29:23.474  2174  2174 D SystemServerTiming: OnBootPhase_520_com.android.server.timezonedetector.location.LocationTimeZoneManagerService$Lifecycle took to complete: 0ms
07-22 16:29:23.475  2174  2174 I SystemServerTiming: OnBootPhase_520_com.android.server.search.SearchManagerService$Lifecycle
07-22 16:29:23.475  2174  2174 D SystemServerTiming: OnBootPhase_520_com.android.server.search.SearchManagerService$Lifecycle took to complete: 0ms
07-22 16:29:23.475  2174  2174 I SystemServerTiming: OnBootPhase_520_com.android.server.wallpaper.WallpaperManagerService$Lifecycle
07-22 16:29:23.476  2174  2174 D SystemServerTiming: OnBootPhase_520_com.android.server.wallpaper.WallpaperManagerService$Lifecycle took to complete: 0ms
07-22 16:29:23.477  2174  2174 I SystemServerTiming: OnBootPhase_520_com.android.server.audio.AudioService$Lifecycle
07-22 16:29:23.477  2174  2174 D SystemServerTiming: OnBootPhase_520_com.android.server.audio.AudioService$Lifecycle took to complete: 0ms
07-22 16:29:23.477  2174  2174 I SystemServerTiming: OnBootPhase_520_com.android.server.soundtrigger_middleware.SoundTriggerMiddlewareService$Lifecycle
07-22 16:29:23.478  2174  2174 D SystemServerTiming: OnBootPhase_520_com.android.server.soundtrigger_middleware.SoundTriggerMiddlewareService$Lifecycle took to complete: 0ms
07-22 16:29:23.478  2174  2174 I SystemServerTiming: OnBootPhase_520_com.android.server.DockObserver
07-22 16:29:23.478  2174  2174 D SystemServerTiming: OnBootPhase_520_com.android.server.DockObserver took to complete: 0ms
07-22 16:29:23.479  2174  2174 I SystemServerTiming: OnBootPhase_520_com.android.server.midi.MidiService$Lifecycle
07-22 16:29:23.479  2174  2174 D SystemServerTiming: OnBootPhase_520_com.android.server.midi.MidiService$Lifecycle took to complete: 0ms
07-22 16:29:23.479  2174  2174 I SystemServerTiming: OnBootPhase_520_com.android.server.adb.AdbService$Lifecycle
07-22 16:29:23.479  2174  2174 D SystemServerTiming: OnBootPhase_520_com.android.server.adb.AdbService$Lifecycle took to complete: 0ms
07-22 16:29:23.479  2174  2174 I SystemServerTiming: OnBootPhase_520_com.android.server.usb.UsbService$Lifecycle
07-22 16:29:23.480  2174  2174 D SystemServerTiming: OnBootPhase_520_com.android.server.usb.UsbService$Lifecycle took to complete: 0ms
07-22 16:29:23.480  2174  2174 I SystemServerTiming: OnBootPhase_520_com.android.server.twilight.TwilightService
07-22 16:29:23.480  2174  2174 D SystemServerTiming: OnBootPhase_520_com.android.server.twilight.TwilightService took to complete: 0ms
07-22 16:29:23.480  2174  2174 I SystemServerTiming: OnBootPhase_520_com.android.server.display.color.ColorDisplayService
07-22 16:29:23.481  2174  2174 D SystemServerTiming: OnBootPhase_520_com.android.server.display.color.ColorDisplayService took to complete: 0ms
07-22 16:29:23.481  2174  2174 I SystemServerTiming: OnBootPhase_520_com.android.server.job.JobSchedulerService
07-22 16:29:23.481  2174  2174 D SystemServerTiming: OnBootPhase_520_com.android.server.job.JobSchedulerService took to complete: 1ms
07-22 16:29:23.481  2174  2174 I SystemServerTiming: OnBootPhase_520_com.android.server.soundtrigger.SoundTriggerService
07-22 16:29:23.481  2174  2174 D SoundTriggerService: onBootPhase: 520 : false
07-22 16:29:23.481  2174  2174 D SystemServerTiming: OnBootPhase_520_com.android.server.soundtrigger.SoundTriggerService took to complete: 0ms
07-22 16:29:23.482  2174  2174 I SystemServerTiming: OnBootPhase_520_com.android.server.trust.TrustManagerService
07-22 16:29:23.482  2174  2174 D SystemServerTiming: OnBootPhase_520_com.android.server.trust.TrustManagerService took to complete: 0ms
07-22 16:29:23.484  2174  2174 I SystemServerTiming: OnBootPhase_520_com.android.server.backup.BackupManagerService$Lifecycle
07-22 16:29:23.484  2174  2174 D SystemServerTiming: OnBootPhase_520_com.android.server.backup.BackupManagerService$Lifecycle took to complete: 0ms
07-22 16:29:23.484  2174  2174 I SystemServerTiming: OnBootPhase_520_com.android.server.appwidget.AppWidgetService
07-22 16:29:23.484  2174  2174 D SystemServerTiming: OnBootPhase_520_com.android.server.appwidget.AppWidgetService took to complete: 0ms
07-22 16:29:23.485  2174  2174 I SystemServerTiming: OnBootPhase_520_com.android.server.voiceinteraction.VoiceInteractionManagerService
07-22 16:29:23.485  2174  2174 D SystemServerTiming: OnBootPhase_520_com.android.server.voiceinteraction.VoiceInteractionManagerService took to complete: 0ms
07-22 16:29:23.485  2174  2174 I SystemServerTiming: OnBootPhase_520_com.android.server.apphibernation.AppHibernationService
07-22 16:29:23.486  2174  2174 D SystemServerTiming: OnBootPhase_520_com.android.server.apphibernation.AppHibernationService took to complete: 0ms
07-22 16:29:23.486  2174  2174 I SystemServerTiming: OnBootPhase_520_com.android.server.GestureLauncherService
07-22 16:29:23.486  2174  2174 D SystemServerTiming: OnBootPhase_520_com.android.server.GestureLauncherService took to complete: 0ms
07-22 16:29:23.487  2174  2174 I SystemServerTiming: OnBootPhase_520_com.android.server.SensorNotificationService
07-22 16:29:23.488  2174  2174 D SystemServerTiming: OnBootPhase_520_com.android.server.SensorNotificationService took to complete: 0ms
07-22 16:29:23.488  2174  2174 I SystemServerTiming: OnBootPhase_520_com.android.server.emergency.EmergencyAffordanceService
07-22 16:29:23.488  2174  2174 D SystemServerTiming: OnBootPhase_520_com.android.server.emergency.EmergencyAffordanceService took to complete: 0ms
07-22 16:29:23.489  2174  2174 I SystemServerTiming: OnBootPhase_520_com.android.server.dreams.DreamManagerService
07-22 16:29:23.489  2174  2174 D SystemServerTiming: OnBootPhase_520_com.android.server.dreams.DreamManagerService took to complete: 1ms
07-22 16:29:23.489  2174  2174 I SystemServerTiming: OnBootPhase_520_com.android.server.blob.BlobStoreManagerService
07-22 16:29:23.489  2174  2174 D SystemServerTiming: OnBootPhase_520_com.android.server.blob.BlobStoreManagerService took to complete: 0ms
07-22 16:29:23.489  2174  2174 I SystemServerTiming: OnBootPhase_520_com.android.server.print.PrintManagerService
07-22 16:29:23.491  2174  2174 D SystemServerTiming: OnBootPhase_520_com.android.server.print.PrintManagerService took to complete: 2ms
07-22 16:29:23.491  2174  2174 I SystemServerTiming: OnBootPhase_520_com.android.server.companion.CompanionDeviceManagerService
07-22 16:29:23.493  2174  2174 D SystemServerTiming: OnBootPhase_520_com.android.server.companion.CompanionDeviceManagerService took to complete: 0ms
07-22 16:29:23.493  2174  2174 I SystemServerTiming: OnBootPhase_520_com.android.server.restrictions.RestrictionsManagerService
07-22 16:29:23.495  2174  2174 D SystemServerTiming: OnBootPhase_520_com.android.server.restrictions.RestrictionsManagerService took to complete: 0ms
07-22 16:29:23.495  2174  2174 I SystemServerTiming: OnBootPhase_520_com.android.server.media.MediaSessionService
07-22 16:29:23.495  2174  2174 D SystemServerTiming: OnBootPhase_520_com.android.server.media.MediaSessionService took to complete: 0ms
07-22 16:29:23.496  2174  2174 I SystemServerTiming: OnBootPhase_520_com.android.server.media.MediaResourceMonitorService
07-22 16:29:23.496  2174  2174 D SystemServerTiming: OnBootPhase_520_com.android.server.media.MediaResourceMonitorService took to complete: 0ms
07-22 16:29:23.496  2174  2174 I SystemServerTiming: OnBootPhase_520_com.android.server.biometrics.sensors.fingerprint.FingerprintService
07-22 16:29:23.496  2174  2174 D SystemServerTiming: OnBootPhase_520_com.android.server.biometrics.sensors.fingerprint.FingerprintService took to complete: 0ms
07-22 16:29:23.496  2174  2174 I SystemServerTiming: OnBootPhase_520_com.android.server.biometrics.BiometricService
07-22 16:29:23.497  2174  2174 D SystemServerTiming: OnBootPhase_520_com.android.server.biometrics.BiometricService took to complete: 0ms
07-22 16:29:23.499  2174  2174 I SystemServerTiming: OnBootPhase_520_com.android.server.biometrics.AuthService
07-22 16:29:23.499  2174  2174 D SystemServerTiming: OnBootPhase_520_com.android.server.biometrics.AuthService took to complete: 0ms
07-22 16:29:23.499  2174  2174 I SystemServerTiming: OnBootPhase_520_com.android.server.pm.ShortcutService$Lifecycle
07-22 16:29:23.499  2174  2174 D SystemServerTiming: OnBootPhase_520_com.android.server.pm.ShortcutService$Lifecycle took to complete: 0ms
07-22 16:29:23.501  2174  2174 I SystemServerTiming: OnBootPhase_520_com.android.server.pm.LauncherAppsService
07-22 16:29:23.501  2174  2174 D SystemServerTiming: OnBootPhase_520_com.android.server.pm.LauncherAppsService took to complete: 0ms
07-22 16:29:23.501  2174  2174 I SystemServerTiming: OnBootPhase_520_com.android.server.pm.CrossProfileAppsService
07-22 16:29:23.501  2174  2174 D SystemServerTiming: OnBootPhase_520_com.android.server.pm.CrossProfileAppsService took to complete: 0ms
07-22 16:29:23.501  2174  2174 I SystemServerTiming: OnBootPhase_520_com.android.server.people.PeopleService
07-22 16:29:23.501  2174  2174 D SystemServerTiming: OnBootPhase_520_com.android.server.people.PeopleService took to complete: 0ms
07-22 16:29:23.502  2174  2174 I SystemServerTiming: OnBootPhase_520_com.android.server.media.metrics.MediaMetricsManagerService
07-22 16:29:23.505  2174  2174 D SystemServerTiming: OnBootPhase_520_com.android.server.media.metrics.MediaMetricsManagerService took to complete: 3ms
07-22 16:29:23.506  2174  2174 I SystemServerTiming: OnBootPhase_520_com.android.server.media.projection.MediaProjectionManagerService
07-22 16:29:23.506  2174  2174 D SystemServerTiming: OnBootPhase_520_com.android.server.media.projection.MediaProjectionManagerService took to complete: 0ms
07-22 16:29:23.507  2174  2174 I SystemServerTiming: OnBootPhase_520_com.android.server.slice.SliceManagerService$Lifecycle
07-22 16:29:23.507  2174  2174 D SystemServerTiming: OnBootPhase_520_com.android.server.slice.SliceManagerService$Lifecycle took to complete: 0ms
07-22 16:29:23.508  2174  2174 I SystemServerTiming: OnBootPhase_520_com.android.server.stats.StatsCompanion$Lifecycle
07-22 16:29:23.508  2174  2174 D SystemServerTiming: OnBootPhase_520_com.android.server.stats.StatsCompanion$Lifecycle took to complete: 0ms
07-22 16:29:23.508  2174  2174 I SystemServerTiming: OnBootPhase_520_com.android.server.scheduling.RebootReadinessManagerService$Lifecycle
07-22 16:29:23.510  2174  2174 D SystemServerTiming: OnBootPhase_520_com.android.server.scheduling.RebootReadinessManagerService$Lifecycle took to complete: 0ms
07-22 16:29:23.511  2174  2174 I SystemServerTiming: OnBootPhase_520_com.android.server.stats.pull.StatsPullAtomService
07-22 16:29:23.511  2174  2174 D SystemServerTiming: OnBootPhase_520_com.android.server.stats.pull.StatsPullAtomService took to complete: 0ms
07-22 16:29:23.511  2174  2174 I SystemServerTiming: OnBootPhase_520_com.android.server.incident.IncidentCompanionService
07-22 16:29:23.511  2174  2174 D SystemServerTiming: OnBootPhase_520_com.android.server.incident.IncidentCompanionService took to complete: 0ms
07-22 16:29:23.511  2174  2174 I SystemServerTiming: OnBootPhase_520_com.android.server.MmsServiceBroker
07-22 16:29:23.512  2174  2174 D SystemServerTiming: OnBootPhase_520_com.android.server.MmsServiceBroker took to complete: 0ms
07-22 16:29:23.512  2174  2174 I SystemServerTiming: OnBootPhase_520_com.android.server.autofill.AutofillManagerService
07-22 16:29:23.512  2174  2174 D SystemServerTiming: OnBootPhase_520_com.android.server.autofill.AutofillManagerService took to complete: 0ms
07-22 16:29:23.512  2174  2174 I SystemServerTiming: OnBootPhase_520_com.android.server.translation.TranslationManagerService
07-22 16:29:23.512  2174  2174 D SystemServerTiming: OnBootPhase_520_com.android.server.translation.TranslationManagerService took to complete: 0ms
07-22 16:29:23.514  2174  2174 I SystemServerTiming: OnBootPhase_520_com.android.server.clipboard.ClipboardService
07-22 16:29:23.516  2174  2174 D SystemServerTiming: OnBootPhase_520_com.android.server.clipboard.ClipboardService took to complete: 1ms
07-22 16:29:23.516  2174  2174 I SystemServerTiming: OnBootPhase_520_com.android.server.appbinding.AppBindingService$Lifecycle
07-22 16:29:23.516  2174  2174 D SystemServerTiming: OnBootPhase_520_com.android.server.appbinding.AppBindingService$Lifecycle took to complete: 0ms
07-22 16:29:23.517  2174  2174 I SystemServerTiming: OnBootPhase_520_com.android.server.tracing.TracingServiceProxy
07-22 16:29:23.517  2174  2174 D SystemServerTiming: OnBootPhase_520_com.android.server.tracing.TracingServiceProxy took to complete: 0ms
07-22 16:29:23.517  2174  2174 I SystemServerTiming: OnBootPhase_520_com.android.server.policy.PermissionPolicyService
07-22 16:29:23.517  2174  2174 D SystemServerTiming: OnBootPhase_520_com.android.server.policy.PermissionPolicyService took to complete: 0ms
07-22 16:29:23.520  2174  2174 I SystemServerTiming: OnBootPhase_520_com.android.server.pm.StagingManager$Lifecycle
07-22 16:29:23.520  2174  2174 D SystemServerTiming: OnBootPhase_520_com.android.server.pm.StagingManager$Lifecycle took to complete: 0ms
07-22 16:29:23.520  2174  2174 I SystemServerTiming: OnBootPhase_520_com.android.server.app.GameManagerService$Lifecycle
07-22 16:29:23.520  2174  2174 D SystemServerTiming: OnBootPhase_520_com.android.server.app.GameManagerService$Lifecycle took to complete: 0ms
07-22 16:29:23.520  2174  2174 D SystemServerTiming: OnBootPhase_520 took to complete: 130ms
07-22 16:29:23.521  2174  2174 D SystemServerTiming: StartBootPhaseDeviceSpecificServicesReady took to complete: 131ms
07-22 16:29:23.521  2174  2174 I SystemServerTiming: AppSearchManagerService
07-22 16:29:23.521  2174  2174 I SystemServiceManager: Starting com.android.server.appsearch.AppSearchManagerService
07-22 16:29:23.524  2174  2174 D SystemServerTiming: AppSearchManagerService took to complete: 3ms
07-22 16:29:23.524  2174  2174 I SystemServerTiming: StartMediaCommunicationService
07-22 16:29:23.526  2174  2174 I SystemServiceManager: Starting com.android.server.media.MediaCommunicationService
07-22 16:29:23.527  2174  2174 D SystemServerTiming: StartMediaCommunicationService took to complete: 2ms
07-22 16:29:23.527  2174  2174 I SystemServerTiming: PhaseActivityManagerReady
07-22 16:29:23.527  2174  2174 I SystemServerTiming: controllersReady
07-22 16:29:23.530  2174  2239 I SystemServerTimingAsync: InitThreadPoolExec:Update app-ops uidState in case package android changed
07-22 16:29:23.530  2174  2239 D SystemServerInitThreadPool: Started executing Update app-ops uidState in case package android changed
07-22 16:29:23.530  2174  2239 D SystemServerInitThreadPool: Finished executing Update app-ops uidState in case package android changed
07-22 16:29:23.531  2174  2239 D SystemServerTimingAsync: InitThreadPoolExec:Update app-ops uidState in case package android changed took to complete: 0ms
07-22 16:29:23.531  2174  2174 D SystemServerTiming: controllersReady took to complete: 3ms
07-22 16:29:23.532  2174  2174 I SystemServerTiming: killProcesses
07-22 16:29:23.532  2174  2174 D SystemServerTiming: killProcesses took to complete: 0ms
07-22 16:29:23.536  2174  2174 I ActivityManager: System now ready
07-22 16:29:23.536  2174  2174 I SystemServerTiming: updateTopComponentForFactoryTest
07-22 16:29:23.538  2174  2174 D SystemServerTiming: updateTopComponentForFactoryTest took to complete: 0ms
07-22 16:29:23.538  2174  2174 I SystemServerTiming: registerActivityLaunchObserver
07-22 16:29:23.539  2174  2174 D SystemServerTiming: registerActivityLaunchObserver took to complete: 0ms
07-22 16:29:23.544  2174  2174 I SystemServerTiming: watchDeviceProvisioning
--------- beginning of crash
07-22 16:29:23.557  2174  2193 E AndroidRuntime: *** FATAL EXCEPTION IN SYSTEM PROCESS: android.io
07-22 16:29:23.557  2174  2193 E AndroidRuntime: android.util.proto.ProtoParseException: Unexpected wire type: 7 at offset 0x1
07-22 16:29:23.557  2174  2193 E AndroidRuntime: mFieldNumber : 0xe
07-22 16:29:23.557  2174  2193 E AndroidRuntime: mWireType : 0x7
07-22 16:29:23.557  2174  2193 E AndroidRuntime: mState : 0x1
07-22 16:29:23.557  2174  2193 E AndroidRuntime: mDiscardedBytes : 0x0
07-22 16:29:23.557  2174  2193 E AndroidRuntime: mOffset : 0x1
07-22 16:29:23.557  2174  2193 E AndroidRuntime: mExpectedObjectTokenStack : null
07-22 16:29:23.557  2174  2193 E AndroidRuntime: mDepth : 0xffffffff
07-22 16:29:23.557  2174  2193 E AndroidRuntime: mBuffer : [B@f3521a4
07-22 16:29:23.557  2174  2193 E AndroidRuntime: mBufferSize : 0x2000
07-22 16:29:23.557  2174  2193 E AndroidRuntime: mEnd : 0x2000
07-22 16:29:23.557  2174  2193 E AndroidRuntime: 	at android.util.proto.ProtoInputStream.skip(ProtoInputStream.java:838)
07-22 16:29:23.557  2174  2193 E AndroidRuntime: 	at android.util.proto.ProtoInputStream.nextField(ProtoInputStream.java:226)
07-22 16:29:23.557  2174  2193 E AndroidRuntime: 	at com.android.server.am.AppExitInfoTracker.loadExistingProcessExitInfo(AppExitInfoTracker.java:664)
07-22 16:29:23.557  2174  2193 E AndroidRuntime: 	at com.android.server.am.AppExitInfoTracker.lambda$onSystemReady$0$AppExitInfoTracker(AppExitInfoTracker.java:279)
07-22 16:29:23.557  2174  2193 E AndroidRuntime: 	at com.android.server.am.AppExitInfoTracker$$ExternalSyntheticLambda2.run(Unknown Source:2)
07-22 16:29:23.557  2174  2193 E AndroidRuntime: 	at android.os.Handler.handleCallback(Handler.java:938)
07-22 16:29:23.557  2174  2193 E AndroidRuntime: 	at android.os.Handler.dispatchMessage(Handler.java:99)
07-22 16:29:23.557  2174  2193 E AndroidRuntime: 	at android.os.Looper.loopOnce(Looper.java:201)
07-22 16:29:23.557  2174  2193 E AndroidRuntime: 	at android.os.Looper.loop(Looper.java:288)
07-22 16:29:23.557  2174  2193 E AndroidRuntime: 	at android.os.HandlerThread.run(HandlerThread.java:67)
07-22 16:29:23.557  2174  2193 E AndroidRuntime: 	at com.android.server.ServiceThread.run(ServiceThread.java:44)
07-22 16:29:23.565  2174  2193 I DropBoxManagerService: add tag=system_server_crash isTagEnabled=true flags=0x2
--------- beginning of main
07-22 16:29:23.573  2174  2193 I Process : Sending signal. PID: 2174 SIG: 9
07-22 16:29:25.209   200   200 I lowmemorykiller: lmkd data connection dropped
07-22 16:29:25.209   200   200 I lowmemorykiller: closing lmkd data connection
07-22 16:29:25.362  2111  2146 I CaptureStateNotifier: Listener binder died
07-22 16:29:25.363   343   345 E IPCThreadState: attemptIncStrongHandle(3): Not supported
07-22 16:29:25.363   343   345 E IPCThreadState: attemptIncStrongHandle(5): Not supported
07-22 16:29:25.364   343  1636 E IPCThreadState: attemptIncStrongHandle(1): Not supported
07-22 16:29:25.364  2110  2110 E Zygote  : Zygote failed to write to system_server FD: Connection refused
07-22 16:29:25.364   343  1636 E IPCThreadState: attemptIncStrongHandle(2): Not supported
07-22 16:29:25.364  2110  2110 I Zygote  : Process 2174 exited due to signal 9 (Killed)
07-22 16:29:25.364  2110  2110 E Zygote  : Exit zygote because system server (pid 2174) has terminated
07-22 16:29:25.365  2321  2321 E wpa_supplicant: Client died. Terminating...
07-22 16:29:25.367  2321  2321 I wpa_supplicant: nl80211: deinit ifname=p2p-dev-wlan0 disabled_11b_rates=0
--------- beginning of kernel
07-22 16:29:25.367     0     0 I init    : Service 'zygote' (pid 2110) received signal 9
07-22 16:29:25.370     0     0 I init    : Sending signal 9 to service 'zygote' (pid 2110) process group...
07-22 16:29:25.371     0     0 I libprocessgroup: Successfully killed process cgroup uid 0 pid 2110 in 0ms
07-22 16:29:25.371     0     0 E init    : process with updatable components 'zygote' exited 4 times before boot completed
07-22 16:29:25.394     0     0 I init    : starting service 'exec 28 (/system/bin/vdc volume abort_fuse)'...
07-22 16:29:25.397     0     0 I init    : Command 'write /sys/power/state on' action=onrestart (<Service 'zygote' onrestart>:2) took 0ms and failed: Unable to write to file '/sys/power/state': Unable to write file contents: Invalid argument
07-22 16:29:25.416     0     0 I init    : Sending signal 9 to service 'audioserver' (pid 2111) process group...
07-22 16:29:25.440  2117  2132 I r_submix: adev_close()
07-22 16:29:25.471  2321  2321 I wpa_supplicant: p2p-dev-wlan0: CTRL-EVENT-TERMINATING 
07-22 16:29:25.442     0     0 I libprocessgroup: Successfully killed process cgroup uid 1041 pid 2111 in 21ms
07-22 16:29:25.453     0     0 I init    : Sending signal 9 to service 'cameraserver' (pid 2112) process group...
07-22 16:29:25.473     0     0 I libprocessgroup: Successfully killed process cgroup uid 1047 pid 2112 in 12ms
07-22 16:29:25.479     0     0 I init    : Sending signal 9 to service 'media' (pid 2113) process group...
07-22 16:29:25.489     0     0 I libprocessgroup: Successfully killed process cgroup uid 1013 pid 2113 in 7ms
07-22 16:29:25.493     0     0 I init    : Sending signal 9 to service 'netd' (pid 2114) process group...
07-22 16:29:25.504     0     0 I libprocessgroup: Successfully killed process cgroup uid 0 pid 2114 in 8ms
07-22 16:29:25.509     0     0 I init    : Sending signal 9 to service 'wificond' (pid 2116) process group...
07-22 16:29:25.537  2321  2321 I wpa_supplicant: nl80211: deinit ifname=wlan0 disabled_11b_rates=0
07-22 16:29:25.538  2321  2321 E wpa_supplicant: Error deregistering for death notification for iface callback object
07-22 16:29:25.539  2321  2321 I wpa_supplicant: wlan0: CTRL-EVENT-TERMINATING 
07-22 16:29:25.520     0     0 I libprocessgroup: Successfully killed process cgroup uid 1010 pid 2116 in 9ms
07-22 16:29:25.528     0     0 I init    : Service 'audioserver' (pid 2111) received signal 9
07-22 16:29:25.531     0     0 I init    : Sending signal 9 to service 'vendor.audio-hal' (pid 2117) process group...
07-22 16:29:25.551     0     0 I libprocessgroup: Successfully killed process cgroup uid 1041 pid 2117 in 16ms
07-22 16:29:25.554     0     0 I init    : Command 'restart vendor.audio-hal-4-0-msd' action=onrestart (<Service 'audioserver' onrestart>:2) took 0ms and failed: service vendor.audio-hal-4-0-msd not found
07-22 16:29:25.556     0     0 I init    : Command 'restart audio_proxy_service' action=onrestart (<Service 'audioserver' onrestart>:3) took 0ms and failed: service audio_proxy_service not found
07-22 16:29:25.557     0     0 I init    : Command 'restart vendor.audio-hal-2-0' action=onrestart (<Service 'audioserver' onrestart>:4) took 0ms and failed: service vendor.audio-hal-2-0 not found
07-22 16:29:25.558     0     0 I init    : Command 'restart audio-hal-2-0' action=onrestart (<Service 'audioserver' onrestart>:5) took 0ms and failed: service audio-hal-2-0 not found
07-22 16:29:25.561     0     0 I init    : Service 'cameraserver' (pid 2112) received signal 9
07-22 16:29:25.563     0     0 I init    : Service 'media' (pid 2113) received signal 9
07-22 16:29:25.570     0     0 I init    : Service 'netd' (pid 2114) received signal 9
07-22 16:29:25.572     0     0 I init    : Command 'restart zygote_secondary' action=onrestart (<Service 'netd' onrestart>:2) took 0ms and failed: service zygote_secondary not found
07-22 16:29:25.599     0     0 I init    : Service 'wificond' (pid 2116) received signal 9
07-22 16:29:25.610     0     0 I init    : Service 'vendor.audio-hal' (pid 2117) received signal 9
07-22 16:29:25.618     0     0 I init    : Service 'wpa_supplicant' (pid 2321) exited with status 0 oneshot service took 2.704000 seconds in background
07-22 16:29:25.621     0     0 I init    : Sending signal 9 to service 'wpa_supplicant' (pid 2321) process group...
07-22 16:29:25.621     0     0 I libprocessgroup: Successfully killed process cgroup uid 0 pid 2321 in 0ms
07-22 16:29:25.634     0     0 I init    : Service 'exec 28 (/system/bin/vdc volume abort_fuse)' (pid 2332) exited with status 0 oneshot service took 0.233000 seconds in background
07-22 16:29:25.638     0     0 I init    : Sending signal 9 to service 'exec 28 (/system/bin/vdc volume abort_fuse)' (pid 2332) process group...
07-22 16:29:25.644     0     0 I libprocessgroup: Successfully killed process cgroup uid 1000 pid 2332 in 0ms
07-22 16:29:25.648     0     0 I init    : Untracked pid 2118 received signal 9
07-22 16:29:25.648     0     0 I init    : Untracked pid 2119 received signal 9
07-22 16:29:25.648     0     0 I init    : processing action (sys.init.updatable_crashing=1) from (/system/etc/init/flags_health_check.rc:10)
07-22 16:29:25.648     0     0 I init    : starting service 'exec 29 (/system/bin/flags_health_check UPDATABLE_CRASHING)'...
07-22 16:29:25.681  2334  2334 I flags_health_check: ServerConfigurableFlagsReset reset_mode value: 1
07-22 16:29:25.682  2334  2334 I flags_health_check: ServerConfigurableFlagsReset updatable crashing detected, resetting flags.
07-22 16:29:25.663     0     0 I binder  : undelivered death notification, 00007c8581163090
07-22 16:29:25.665     0     0 I init    : SVC_EXEC service 'exec 29 (/system/bin/flags_health_check UPDATABLE_CRASHING)' pid 2334 (uid 1000 gid 1000+0 context default) started; waiting...
07-22 16:29:25.669     0     0 I init    : starting service 'zygote'...
07-22 16:29:25.669     0     0 I init    : Created socket '/dev/socket/zygote', mode 660, user 0, group 1000
07-22 16:29:25.678     0     0 I init    : Created socket '/dev/socket/usap_pool_primary', mode 660, user 0, group 1000
07-22 16:29:25.689     0     0 I init    : starting service 'audioserver'...
07-22 16:29:25.697     0     0 I init    : starting service 'cameraserver'...
07-22 16:29:25.705     0     0 I init    : starting service 'media'...
07-22 16:29:25.741  2336  2336 I FastMixerState: sMaxFastTracks = 8
07-22 16:29:25.746  2336  2336 V MediaUtils: physMem: 2063470592
07-22 16:29:25.746  2336  2336 V MediaUtils: requested limit: 412694100
07-22 16:29:25.747  2336  2336 I libc    : malloc_limit: Allocation limit enabled, max size 412694100 bytes
07-22 16:29:25.749  2336  2336 I audioserver: ServiceManager: 0x7441e9702bb0
07-22 16:29:25.722     0     0 I init    : starting service 'netd'...
07-22 16:29:25.724     0     0 I init    : Created socket '/dev/socket/dnsproxyd', mode 660, user 0, group 3003
07-22 16:29:25.725     0     0 I init    : Created socket '/dev/socket/mdns', mode 660, user 0, group 1000
07-22 16:29:25.725     0     0 I init    : Created socket '/dev/socket/fwmarkd', mode 660, user 0, group 3003
07-22 16:29:25.760  2339  2339 I netdClient: Skipping libnetd_client init since *we* are netd
07-22 16:29:25.763  2339  2339 I netd    : netd 1.0 starting
07-22 16:29:25.764  2339  2339 I netd    : Pid file removed
07-22 16:29:25.764  2339  2339 I netd    : SIGPIPE is blocked
07-22 16:29:25.740     0     0 I init    : starting service 'wificond'...
07-22 16:29:25.747     0     0 I init    : starting service 'vendor.audio-hal'...
07-22 16:29:25.757     0     0 I init    : Service 'exec 29 (/system/bin/flags_health_check UPDATABLE_CRASHING)' (pid 2334) exited with status 0 waiting took 0.092000 seconds
07-22 16:29:25.757     0     0 I init    : Sending signal 9 to service 'exec 29 (/system/bin/flags_health_check UPDATABLE_CRASHING)' (pid 2334) process group...
07-22 16:29:25.757     0     0 I libprocessgroup: Successfully killed process cgroup uid 1000 pid 2334 in 0ms
07-22 16:29:25.772  2335  2335 D AndroidRuntime: >>>>>> START com.android.internal.os.ZygoteInit uid 0 <<<<<<
07-22 16:29:25.775  2339  2339 I netd    : setCloseOnExec(dnsproxyd)
07-22 16:29:25.775  2339  2339 I netd    : setCloseOnExec(fwmarkd)
07-22 16:29:25.775  2339  2339 I netd    : setCloseOnExec(mdns)
07-22 16:29:25.775  2339  2339 I netd    : BPF programs are loaded
07-22 16:29:25.776  2339  2339 I netd    : NetlinkManager instanced
07-22 16:29:25.776  2339  2339 I netd    : enter NetworkController ctor
07-22 16:29:25.776  2335  2335 I AndroidRuntime: Using default boot image
07-22 16:29:25.776  2335  2335 I AndroidRuntime: Leaving lock profiling enabled
07-22 16:29:25.776  2339  2339 I netd    : leave NetworkController ctor
07-22 16:29:25.776  2339  2339 I netd    : enter TetherController ctor
07-22 16:29:25.777  2335  2335 I zygote64: option[0]=-Xzygote
07-22 16:29:25.777  2335  2335 I zygote64: option[1]=exit
07-22 16:29:25.777  2337  2337 I cameraserver: ServiceManager: 0x70d002aceb80
07-22 16:29:25.777  2335  2335 I zygote64: option[2]=vfprintf
07-22 16:29:25.777  2337  2337 I CameraService: CameraService started (pid=2337)
07-22 16:29:25.777  2335  2335 I zygote64: option[3]=sensitiveThread
07-22 16:29:25.777  2337  2337 I CameraService: CameraService process starting
07-22 16:29:25.777  2335  2335 I zygote64: option[4]=-verbose:gc
07-22 16:29:25.777  2339  2339 D TetherController: Setting IP forward enable = 0
07-22 16:29:25.777  2335  2335 I zygote64: option[5]=-XX:PerfettoHprof=true
07-22 16:29:25.778  2335  2335 I zygote64: option[6]=-XX:PerfettoJavaHeapStackProf=true
07-22 16:29:25.778  2336  2336 W BatteryNotifier: batterystats service unavailable!
07-22 16:29:25.778  2335  2335 I zygote64: option[7]=-Xprimaryzygote
