07-22 16:29:28.739  2400  2400 D CompatConfig: Adding: com.android.server.compat.config.Change@9f706f3
07-22 16:29:28.743  2400  2400 D CompatConfig: Adding: com.android.server.compat.config.Change@53e2fb0
07-22 16:29:28.751  2400  2400 D CompatConfig: Adding: com.android.server.compat.config.Change@221e29
07-22 16:29:28.753  2400  2400 D CompatConfig: Adding: com.android.server.compat.config.Change@6d85ae
07-22 16:29:28.755  2400  2400 D CompatConfig: Adding: com.android.server.compat.config.Change@ff11f4f
07-22 16:29:28.756  2400  2400 D CompatConfig: Adding: com.android.server.compat.config.Change@74e96dc
07-22 16:29:28.760  2400  2400 D CompatConfig: Adding: com.android.server.compat.config.Change@89573e5
07-22 16:29:28.762  2400  2400 D CompatConfig: Adding: com.android.server.compat.config.Change@9104eba
07-22 16:29:28.765  2400  2400 D CompatConfig: Adding: com.android.server.compat.config.Change@1ca616b
07-22 16:29:28.767  2400  2400 D CompatConfig: Adding: com.android.server.compat.config.Change@9c44c8
07-22 16:29:28.769  2400  2400 D CompatConfig: Adding: com.android.server.compat.config.Change@a2e6961
07-22 16:29:28.771  2400  2400 D CompatConfig: Adding: com.android.server.compat.config.Change@be49c86
07-22 16:29:28.773  2400  2400 D CompatConfig: Adding: com.android.server.compat.config.Change@daba947
07-22 16:29:28.782  2400  2400 D CompatConfig: Adding: com.android.server.compat.config.Change@394e574
07-22 16:29:28.785  2400  2400 D CompatConfig: Adding: com.android.server.compat.config.Change@73a9d
07-22 16:29:28.788  2400  2400 D CompatConfig: Adding: com.android.server.compat.config.Change@95dfb12
07-22 16:29:28.789  2400  2400 D CompatConfig: Adding: com.android.server.compat.config.Change@16f92e3
07-22 16:29:28.790  2400  2400 D CompatConfig: Adding: com.android.server.compat.config.Change@9d4e4e0
07-22 16:29:28.800  2400  2400 D CompatConfig: Adding: com.android.server.compat.config.Change@2a1e399
07-22 16:29:28.802  2400  2400 D CompatConfig: Adding: com.android.server.compat.config.Change@39cb65e
07-22 16:29:28.803  2400  2400 D CompatConfig: Adding: com.android.server.compat.config.Change@3fe7a3f
07-22 16:29:28.804  2400  2400 D CompatConfig: Adding: com.android.server.compat.config.Change@8536f0c
07-22 16:29:28.805  2400  2400 D CompatConfig: Adding: com.android.server.compat.config.Change@6a42055
07-22 16:29:28.809  2400  2400 D CompatConfig: Adding: com.android.server.compat.config.Change@c79da6a
07-22 16:29:28.811  2400  2400 D CompatConfig: Adding: com.android.server.compat.config.Change@86a7b5b
07-22 16:29:28.812  2400  2400 D CompatConfig: Adding: com.android.server.compat.config.Change@a4e6ff8
07-22 16:29:28.814  2400  2400 D CompatConfig: Adding: com.android.server.compat.config.Change@b536cd1
07-22 16:29:28.816  2400  2400 D CompatConfig: Adding: com.android.server.compat.config.Change@8533336
07-22 16:29:28.817  2400  2400 D CompatConfig: Adding: com.android.server.compat.config.Change@6cb7237
07-22 16:29:28.818  2400  2400 D CompatConfig: Adding: com.android.server.compat.config.Change@ef693a4
07-22 16:29:28.820  2400  2400 D CompatConfig: Adding: com.android.server.compat.config.Change@4d1050d
07-22 16:29:28.823  2400  2400 D CompatConfig: Adding: com.android.server.compat.config.Change@1974cc2
07-22 16:29:28.824  2400  2400 D CompatConfig: Adding: com.android.server.compat.config.Change@6dafad3
07-22 16:29:28.826  2400  2400 D CompatConfig: Adding: com.android.server.compat.config.Change@5db4610
07-22 16:29:28.828  2400  2400 D CompatConfig: Adding: com.android.server.compat.config.Change@e15e509
07-22 16:29:28.829  2400  2400 D CompatConfig: Adding: com.android.server.compat.config.Change@911730e
07-22 16:29:28.831  2400  2400 D CompatConfig: Adding: com.android.server.compat.config.Change@850712f
07-22 16:29:28.832  2400  2400 D CompatConfig: Adding: com.android.server.compat.config.Change@616b33c
07-22 16:29:28.834  2400  2400 D CompatConfig: Adding: com.android.server.compat.config.Change@eaec8c5
07-22 16:29:28.839  2400  2400 D CompatConfig: Adding: com.android.server.compat.config.Change@ef5b21a
07-22 16:29:28.843  2400  2400 D CompatConfig: Found a config file: /system/system_ext/etc/compatconfig/settings-platform-compat-config.xml
07-22 16:29:28.846  2400  2400 D CompatConfig: Adding: com.android.server.compat.config.Change@c39c728
07-22 16:29:28.847  2400  2400 I ApexManagerTiming: getActiveApexInfos_noCache
07-22 16:29:28.848   202   202 I servicemanager: Since 'apexservice' could not be found, trying to start it as a lazy AIDL service
07-22 16:29:28.837     0     0 I init    : starting service 'apexd'...
07-22 16:29:28.843     0     0 I init    : Control message: Processed ctl.interface_start for 'aidl/apexservice' from pid: 202 (/system/bin/servicemanager)
07-22 16:29:28.845     0     0 I apexd   : Scanning /system/apex for pre-installed ApexFiles
07-22 16:29:28.845     0     0 I apexd   : Found pre-installed APEX /system/apex/com.android.i18n.apex
07-22 16:29:28.845     0     0 I apexd   : Found pre-installed APEX /system/apex/com.android.vndk.current.apex
07-22 16:29:28.861     0     0 I apexd   : Found pre-installed APEX /system/apex/com.google.android.art.apex
07-22 16:29:28.864     0     0 I apexd   : Found pre-installed APEX /system/apex/com.google.android.media.swcodec.apex
07-22 16:29:28.864     0     0 I apexd   : Found pre-installed APEX /system/apex/com.google.android.telephony.apex
07-22 16:29:28.875     0     0 I apexd   : Found pre-installed APEX /system/apex/com.google.android.scheduling.apex
07-22 16:29:28.878     0     0 I apexd   : Found pre-installed APEX /system/apex/com.google.android.media.apex
07-22 16:29:28.878     0     0 I apexd   : Found pre-installed APEX /system/apex/com.google.android.cellbroadcast.apex
07-22 16:29:28.878     0     0 I apexd   : Found pre-installed APEX /system/apex/com.google.android.os.statsd.apex
07-22 16:29:28.892     0     0 I apexd   : Found pre-installed APEX /system/apex/com.google.android.ipsec.apex
07-22 16:29:28.895     0     0 I apexd   : Found pre-installed APEX /system/apex/com.google.mainline.primary.libs.apex
07-22 16:29:28.895     0     0 I apexd   : Found pre-installed APEX /system/apex/com.google.android.adbd.apex
07-22 16:29:28.895     0     0 I apexd   : Found pre-installed APEX /system/apex/com.google.android.sdkext.apex
07-22 16:29:28.906     0     0 I apexd   : Found pre-installed APEX /system/apex/com.google.android.tzdata3.apex
07-22 16:29:28.910     0     0 I apexd   : Found pre-installed APEX /system/apex/com.google.android.neuralnetworks.apex
07-22 16:29:28.910     0     0 I apexd   : Found pre-installed APEX /system/apex/com.google.android.appsearch.apex
07-22 16:29:28.921     0     0 I apexd   : Found pre-installed APEX /system/apex/com.google.android.resolv.apex
07-22 16:29:28.923     0     0 I apexd   : Found pre-installed APEX /system/apex/com.android.runtime.apex
07-22 16:29:28.923     0     0 I apexd   : Found pre-installed APEX /system/apex/com.google.android.permission.apex
07-22 16:29:28.940     0     0 I apexd   : Found pre-installed APEX /system/apex/com.android.apex.cts.shim.apex
07-22 16:29:28.951     0     0 I apexd   : Found pre-installed APEX /system/apex/com.google.android.mediaprovider.apex
07-22 16:29:28.955     0     0 I apexd   : Found pre-installed APEX /system/apex/com.google.android.conscrypt.apex
07-22 16:29:28.955     0     0 I apexd   : Found pre-installed APEX /system/apex/com.google.android.wifi.apex
07-22 16:29:28.963     0     0 I apexd   : Found pre-installed APEX /system/apex/com.google.android.tethering.apex
07-22 16:29:28.967     0     0 I apexd   : Found pre-installed APEX /system/apex/com.google.android.extservices.apex
07-22 16:29:28.967     0     0 I apexd   : Scanning /system_ext/apex for pre-installed ApexFiles
07-22 16:29:28.967     0     0 W apexd   : /system_ext/apex does not exist. Skipping
07-22 16:29:28.967     0     0 I apexd   : Scanning /product/apex for pre-installed ApexFiles
07-22 16:29:28.967     0     0 W apexd   : /product/apex does not exist. Skipping
07-22 16:29:28.988     0     0 I apexd   : Scanning /vendor/apex for pre-installed ApexFiles
07-22 16:29:28.991     0     0 W apexd   : /vendor/apex does not exist. Skipping
07-22 16:29:29.000     0     0 I apexd   : Populating APEX database from mounts...
07-22 16:29:29.004     0     0 I apexd   : Found "/apex/com.android.i18n@1" backed by file /system/apex/com.android.i18n.apex
07-22 16:29:29.013     0     0 I apexd   : Found "/apex/com.android.vndk.v31@1" backed by file /system/apex/com.android.vndk.current.apex
07-22 16:29:29.016     0     0 I apexd   : Found "/apex/com.android.telephony@1" backed by file /system/apex/com.google.android.telephony.apex
07-22 16:29:29.016     0     0 I apexd   : Found "/apex/com.android.scheduling@310727000" backed by file /system/apex/com.google.android.scheduling.apex
07-22 16:29:29.027     0     0 I apexd   : Found "/apex/com.android.tzdata@310727000" backed by file /system/apex/com.google.android.tzdata3.apex
07-22 16:29:29.031     0     0 I apexd   : Found "/apex/com.android.conscrypt@310727000" backed by file /system/apex/com.google.android.conscrypt.apex
07-22 16:29:29.031     0     0 I apexd   : Found "/apex/com.android.ipsec@310727000" backed by file /system/apex/com.google.android.ipsec.apex
07-22 16:29:29.031     0     0 I apexd   : Found "/apex/com.android.mediaprovider@310731000" backed by file /system/apex/com.google.android.mediaprovider.apex
07-22 16:29:29.031     0     0 I apexd   : Found "/apex/com.android.media@310731000" backed by file /system/apex/com.google.android.media.apex
07-22 16:29:29.046     0     0 I apexd   : Found "/apex/com.android.os.statsd@310727000" backed by file /system/apex/com.google.android.os.statsd.apex
07-22 16:29:29.050     0     0 I apexd   : Found "/apex/com.android.neuralnetworks@310727000" backed by file /system/apex/com.google.android.neuralnetworks.apex
07-22 16:29:29.050     0     0 I apexd   : Found "/apex/com.android.cellbroadcast@310733000" backed by file /system/apex/com.google.android.cellbroadcast.apex
07-22 16:29:29.061     0     0 I apexd   : Found "/apex/com.android.adbd@310727002" backed by file /system/apex/com.google.android.adbd.apex
07-22 16:29:29.065     0     0 I apexd   : Found "/apex/com.android.appsearch@300000000" backed by file /system/apex/com.google.android.appsearch.apex
07-22 16:29:29.065     0     0 I apexd   : Found "/apex/com.android.media.swcodec@310727000" backed by file /system/apex/com.google.android.media.swcodec.apex
07-22 16:29:29.076     0     0 I apexd   : Found "/apex/com.android.apex.cts.shim@1" backed by file /system/apex/com.android.apex.cts.shim.apex
07-22 16:29:29.080     0     0 I apexd   : Found "/apex/com.android.sdkext@310729000" backed by file /system/apex/com.google.android.sdkext.apex
07-22 16:29:29.080     0     0 I apexd   : Found "/apex/com.android.wifi@310733000" backed by file /system/apex/com.google.android.wifi.apex
07-22 16:29:29.092     0     0 I apexd   : Found "/apex/com.android.tethering@310733000" backed by file /system/apex/com.google.android.tethering.apex
07-22 16:29:29.099     0     0 I apexd   : Found "/apex/com.android.art@310924000" backed by file /system/apex/com.google.android.art.apex
07-22 16:29:29.107     0     0 I apexd   : Found "/apex/com.android.permission@310733000" backed by file /system/apex/com.google.android.permission.apex
07-22 16:29:29.111     0     0 I apexd   : Found "/apex/com.android.extservices@310727000" backed by file /system/apex/com.google.android.extservices.apex
07-22 16:29:29.111     0     0 I apexd   : Found "/apex/com.google.mainline.primary.libs@310005800" backed by file /system/apex/com.google.mainline.primary.libs.apex
07-22 16:29:29.123     0     0 I apexd   : Found "/apex/com.android.runtime@1" backed by file /system/apex/com.android.runtime.apex
07-22 16:29:29.127     0     0 I apexd   : Found "/apex/com.android.resolv@310733000" backed by file /system/apex/com.google.android.resolv.apex
07-22 16:29:29.127     0     0 I apexd   : 25 packages restored.
07-22 16:29:29.138     0     0 I apexd   : Scanning /data/apex/active for data ApexFiles
07-22 16:29:29.160   202   202 I BpBinder: onLastStrongRef automatically unlinking death recipients: <uncached descriptor>
07-22 16:29:29.141     0     0 I AidlLazyServiceRegistrar: Registering service apexservice
07-22 16:29:29.148     0     0 I AidlLazyServiceRegistrar: Trying to shut down the service. No clients in use for any service in process.
07-22 16:29:29.170   202   202 I servicemanager: Tried to unregister apexservice, but there is about to be a client.
07-22 16:29:29.158     0     0 I AidlLazyServiceRegistrar: Failed to unregister service apexservice (Status(-5, EX_ILLEGAL_STATE): '')
07-22 16:29:29.198  2400  2400 D ApexManagerTiming: getActiveApexInfos_noCache took to complete: 351ms
07-22 16:29:29.198  2400  2400 D CompatConfig: No directory /apex/com.android.wifi/etc/compatconfig, skipping
07-22 16:29:29.200  2400  2400 D CompatConfig: No directory /apex/com.android.adbd/etc/compatconfig, skipping
07-22 16:29:29.201  2400  2400 D CompatConfig: No directory /apex/com.android.apex.cts.shim/etc/compatconfig, skipping
07-22 16:29:29.201  2400  2400 D CompatConfig: Found a config file: /apex/com.android.mediaprovider/etc/compatconfig/media-provider-platform-compat-config.xml
07-22 16:29:29.202  2400  2400 D CompatConfig: Adding: com.android.server.compat.config.Change@8fe330f
07-22 16:29:29.205  2400  2400 D CompatConfig: Adding: com.android.server.compat.config.Change@4647f9c
07-22 16:29:29.207  2400  2400 D CompatConfig: Adding: com.android.server.compat.config.Change@c540da5
07-22 16:29:29.212  2400  2400 D CompatConfig: Adding: com.android.server.compat.config.Change@e90457a
07-22 16:29:29.216  2400  2400 D CompatConfig: Adding: com.android.server.compat.config.Change@ef4f12b
07-22 16:29:29.218  2400  2400 D CompatConfig: Adding: com.android.server.compat.config.Change@207f988
07-22 16:29:29.220  2400  2400 D CompatConfig: Adding: com.android.server.compat.config.Change@29cdf21
07-22 16:29:29.222  2400  2400 D CompatConfig: No directory /apex/com.android.media/etc/compatconfig, skipping
07-22 16:29:29.222  2400  2400 D CompatConfig: No directory /apex/com.android.tzdata/etc/compatconfig, skipping
07-22 16:29:29.222  2400  2400 D CompatConfig: No directory /apex/com.android.media.swcodec/etc/compatconfig, skipping
07-22 16:29:29.223  2400  2400 D CompatConfig: No directory /apex/com.android.telephony/etc/compatconfig, skipping
07-22 16:29:29.223  2400  2400 D CompatConfig: No directory /apex/com.android.neuralnetworks/etc/compatconfig, skipping
07-22 16:29:29.223  2400  2400 D CompatConfig: No directory /apex/com.android.ipsec/etc/compatconfig, skipping
07-22 16:29:29.223  2400  2400 D CompatConfig: No directory /apex/com.android.runtime/etc/compatconfig, skipping
07-22 16:29:29.224  2400  2400 D CompatConfig: No directory /apex/com.android.permission/etc/compatconfig, skipping
07-22 16:29:29.224  2400  2400 D CompatConfig: No directory /apex/com.android.vndk.v31/etc/compatconfig, skipping
07-22 16:29:29.230  2400  2400 D CompatConfig: No directory /apex/com.android.conscrypt/etc/compatconfig, skipping
07-22 16:29:29.232  2400  2400 D CompatConfig: No directory /apex/com.android.sdkext/etc/compatconfig, skipping
07-22 16:29:29.232  2400  2400 D CompatConfig: No directory /apex/com.android.appsearch/etc/compatconfig, skipping
07-22 16:29:29.232  2400  2400 D CompatConfig: No directory /apex/com.android.i18n/etc/compatconfig, skipping
07-22 16:29:29.233  2400  2400 D CompatConfig: No directory /apex/com.android.extservices/etc/compatconfig, skipping
07-22 16:29:29.233  2400  2400 D CompatConfig: Found a config file: /apex/com.android.art/etc/compatconfig/libcore-platform-compat-config.xml
07-22 16:29:29.234  2400  2400 D CompatConfig: Adding: com.android.server.compat.config.Change@94f7507
07-22 16:29:29.235  2400  2400 D CompatConfig: Adding: com.android.server.compat.config.Change@6e72634
07-22 16:29:29.237  2400  2400 D CompatConfig: Adding: com.android.server.compat.config.Change@e474c5d
07-22 16:29:29.238  2400  2400 D CompatConfig: Adding: com.android.server.compat.config.Change@a8e09d2
07-22 16:29:29.239  2400  2400 D CompatConfig: Adding: com.android.server.compat.config.Change@fe45aa3
07-22 16:29:29.246  2400  2400 D CompatConfig: No directory /apex/com.android.scheduling/etc/compatconfig, skipping
07-22 16:29:29.246  2400  2400 D CompatConfig: No directory /apex/com.android.resolv/etc/compatconfig, skipping
07-22 16:29:29.246  2400  2400 D CompatConfig: No directory /apex/com.android.tethering/etc/compatconfig, skipping
07-22 16:29:29.247  2400  2400 D CompatConfig: No directory /apex/com.google.mainline.primary.libs/etc/compatconfig, skipping
07-22 16:29:29.247  2400  2400 D CompatConfig: No directory /apex/com.android.cellbroadcast/etc/compatconfig, skipping
07-22 16:29:29.247  2400  2400 D CompatConfig: No directory /apex/com.android.os.statsd/etc/compatconfig, skipping
07-22 16:29:29.250  2400  2400 D SystemServerTiming: PlatformCompat took to complete: 689ms
07-22 16:29:29.251  2400  2400 I SystemServerTiming: StartFileIntegrityService
07-22 16:29:29.251  2400  2400 I SystemServiceManager: Starting com.android.server.security.FileIntegrityService
07-22 16:29:29.254  2400  2400 D SystemServerTiming: StartFileIntegrityService took to complete: 3ms
07-22 16:29:29.255  2400  2400 I SystemServerTiming: StartInstaller
07-22 16:29:29.255  2400  2400 I SystemServiceManager: Starting com.android.server.pm.Installer
07-22 16:29:29.262   495   500 D installd: Found quota mount /dev/block/dm-5 at /data
07-22 16:29:29.263   495   500 D installd: Found quota mount /dev/block/dm-5 at /data/user/0
07-22 16:29:29.264  2400  2400 D SystemServerTiming: StartInstaller took to complete: 9ms
07-22 16:29:29.264  2400  2400 I SystemServerTiming: DeviceIdentifiersPolicyService
07-22 16:29:29.265  2400  2400 I SystemServiceManager: Starting com.android.server.os.DeviceIdentifiersPolicyService
07-22 16:29:29.265  2400  2400 D SystemServerTiming: DeviceIdentifiersPolicyService took to complete: 1ms
07-22 16:29:29.266  2400  2400 I SystemServerTiming: UriGrantsManagerService
07-22 16:29:29.266  2400  2400 I SystemServiceManager: Starting com.android.server.uri.UriGrantsManagerService$Lifecycle
07-22 16:29:29.267  2400  2400 D SystemServerTiming: UriGrantsManagerService took to complete: 1ms
07-22 16:29:29.267  2400  2400 I SystemServerTiming: StartPowerStatsService
07-22 16:29:29.267  2400  2400 I SystemServiceManager: Starting com.android.server.powerstats.PowerStatsService
07-22 16:29:29.268   202   202 E servicemanager: Could not find android.hardware.power.stats.IPowerStats/default in the VINTF manifest.
07-22 16:29:29.274  2400  2400 D SystemServerTiming: StartPowerStatsService took to complete: 6ms
07-22 16:29:29.274  2400  2400 I SystemServerTiming: StartIStatsService
07-22 16:29:29.276  2400  2400 I HidlServiceManagement: Registered android.frameworks.stats@1.0::IStats/default
07-22 16:29:29.277   202   202 I servicemanager: Found android.frameworks.stats.IStats/default in framework VINTF manifest.
07-22 16:29:29.277  2400  2400 D SystemServerTiming: StartIStatsService took to complete: 3ms
07-22 16:29:29.277  2400  2400 I SystemServerTiming: MemtrackProxyService
07-22 16:29:29.278   206   206 I hwservicemanager: getTransport: Cannot find entry android.hardware.memtrack@1.0::IMemtrack/default in either framework or device VINTF manifest.
07-22 16:29:29.279   202   202 E servicemanager: Could not find android.hardware.memtrack.IMemtrack/default in the VINTF manifest.
07-22 16:29:29.279  2400  2400 I Stability: Interface set with vintf stability wire protocol version 1 downgraded to system stability wire protocol version 1 stability
07-22 16:29:29.279  2400  2400 D SystemServerTiming: MemtrackProxyService took to complete: 2ms
07-22 16:29:29.280  2400  2400 I SystemServerTiming: StartActivityManager
07-22 16:29:29.280  2400  2400 I SystemServiceManager: Starting com.android.server.wm.ActivityTaskManagerService$Lifecycle
07-22 16:29:29.283  2400  2400 I SystemServiceManager: Starting com.android.server.am.ActivityManagerService$Lifecycle
07-22 16:29:29.284  2400  2400 I ActivityManager: Memory class: 192
07-22 16:29:29.292  2400  2437 I Binder  : Setting heavy hitter watcher config: false, 0, 0.0
07-22 16:29:29.311  2400  2400 E KernelSingleProcCpuThreadRdr: Failed to start tracking process CPU times for 2400
07-22 16:29:29.312  2400  2400 D BatteryStatsImpl: Reading daily items from /data/system/batterystats-daily.xml
